masterEmail有了就用传入的:
  1: |
    apiVersion: cert-manager.io/v1
    kind: ClusterIssuer
    metadata:
      labels:
        app.kubernetes.io/instance: RELEASE-NAME
        app.kubernetes.io/managed-by: Helm
        app.kubernetes.io/version: 0.2.0
        helm.sh/chart: santorini-0.2.1
      name: release-name-santorini-common-letsencrypt-issuer
    spec:
      acme:
        email: foo@bar.com
        privateKeySecretRef:
          name: release-name-santorini-common-letsencrypt-issuer-account-key
        profile: tlsserver
        server: https://acme-v02.api.letsencrypt.org/directory
        solvers:
          - http01:
              ingress:
                ingressClassName: nginx
入参只有 domain 时,masterEmail 自动生成:
  1: |
    apiVersion: cert-manager.io/v1
    kind: ClusterIssuer
    metadata:
      labels:
        app.kubernetes.io/instance: RELEASE-NAME
        app.kubernetes.io/managed-by: Helm
        app.kubernetes.io/version: 0.2.0
        helm.sh/chart: santorini-0.2.1
      name: release-name-santorini-common-letsencrypt-issuer
    spec:
      acme:
        email: manager@example.com
        privateKeySecretRef:
          name: release-name-santorini-common-letsencrypt-issuer-account-key
        profile: tlsserver
        server: https://acme-v02.api.letsencrypt.org/directory
        solvers:
          - http01:
              ingress:
                ingressClassName: nginx
